2020-04-10 12:30:56 +0000 [info]: parsing config file is succeeded path="/fluentd/etc/fluent.conf"
2020-04-10 12:30:56 +0000 [warn]: 'type' is deprecated parameter name. use '@type' instead.
2020-04-10 12:30:56 +0000 [info]: using configuration file: <ROOT>
  <source>
    type forward
    port 24224
  </source>
  <match **>
    @type stdout
  </match>
</ROOT>
2020-04-10 12:30:56 +0000 [info]: starting fluentd-1.6.3 pid=6 ruby="2.6.3"
2020-04-10 12:30:56 +0000 [info]: spawn command to main:  cmdline=["/usr/local/bin/ruby", "-Eascii-8bit:ascii-8bit", "/usr/local/bundle/bin/fluentd", "-c", "/fluentd/etc/fluent.conf", "-p", "/fluentd/plugins", "--under-supervisor"]
2020-04-10 12:30:56 +0000 [info]: gem 'fluentd' version '1.6.3'
2020-04-10 12:30:56 +0000 [info]: adding match pattern="**" type="stdout"
2020-04-10 12:30:56 +0000 [warn]: #0 'type' is deprecated parameter name. use '@type' instead.
2020-04-10 12:30:56 +0000 [info]: adding source type="forward"
2020-04-10 12:30:56 +0000 [info]: #0 starting fluentd worker pid=13 ppid=6 worker=0
2020-04-10 12:30:56 +0000 [info]: #0 listening port port=24224 bind="0.0.0.0"
2020-04-10 12:30:56 +0000 [info]: #0 fluentd worker is now running worker=0
2020-04-10 12:30:56.804399300 +0000 fluent.info: {"worker":0,"message":"fluentd worker is now running worker=0"}
2020-04-10 12:31:05.000000000 +0000 app: {"host":"michaelawyusmbp.lan","logger":"test","level":"INFO","module":"test_logging","func":"test_fluentd_logging_handler","message":"This is a test message."}
